// Jest Snapshot v1, https://goo.gl/fbAQLP

exports[`WarningCallout matches snapshot 1`] = `
<WarningCallout>
  <div
    className="nhsuk-warning-callout"
  >
    <WarningCallout.Label
      visuallyHiddenText="Important: "
    >
      <HeadingLevel
        className="nhsuk-warning-callout__label"
        headingLevel="h3"
      >
        <h3
          className="nhsuk-warning-callout__label"
        >
          <span
            role="text"
          >
            <span
              className="nhsuk-u-visually-hidden"
            >
              Important: 
            </span>
            School, nursery or work
          </span>
        </h3>
      </HeadingLevel>
    </WarningCallout.Label>
    <p>
      Stay away from school, nursery or work until all the spots have crusted over. This is usually 5 days after the spots first appeared.
    </p>
  </div>
</WarningCallout>
`;
