// Jest Snapshot v1, https://goo.gl/fbAQLP

exports[`DateInput matches snapshot 1`] = `
<DateInput
  id="testInput"
  name="testInput"
>
  <FormGroup>
    <div
      className="nhsuk-form-group"
    >
      <LabelBlock
        elementId="testInput"
      />
      <div
        className="nhsuk-date-input"
        id="testInput"
      >
        <DateInput.Day>
          <IndividualDateInput
            inputMode="numeric"
            inputType="day"
            pattern="[0-9]*"
            type="text"
          >
            <div
              className="nhsuk-date-input__item"
            >
              <div
                className="nhsuk-form-group"
              >
                <Label
                  className="nhsuk-date-input__label"
                  htmlFor="testInput-day"
                  id="testInput-day--label"
                >
                  <BaseLabel
                    className="nhsuk-date-input__label"
                    htmlFor="testInput-day"
                    id="testInput-day--label"
                  >
                    <label
                      className="nhsuk-label nhsuk-date-input__label"
                      htmlFor="testInput-day"
                      id="testInput-day--label"
                    >
                      Day
                    </label>
                  </BaseLabel>
                </Label>
                <input
                  aria-labelledby="testInput-day--label"
                  className="nhsuk-input nhsuk-date-input__input nhsuk-input--width-2"
                  id="testInput-day"
                  inputMode="numeric"
                  name="testInput-day"
                  onChange={[Function]}
                  pattern="[0-9]*"
                  type="text"
                />
              </div>
            </div>
          </IndividualDateInput>
        </DateInput.Day>
        <DateInput.Month>
          <IndividualDateInput
            inputMode="numeric"
            inputType="month"
            pattern="[0-9]*"
            type="text"
          >
            <div
              className="nhsuk-date-input__item"
            >
              <div
                className="nhsuk-form-group"
              >
                <Label
                  className="nhsuk-date-input__label"
                  htmlFor="testInput-month"
                  id="testInput-month--label"
                >
                  <BaseLabel
                    className="nhsuk-date-input__label"
                    htmlFor="testInput-month"
                    id="testInput-month--label"
                  >
                    <label
                      className="nhsuk-label nhsuk-date-input__label"
                      htmlFor="testInput-month"
                      id="testInput-month--label"
                    >
                      Month
                    </label>
                  </BaseLabel>
                </Label>
                <input
                  aria-labelledby="testInput-month--label"
                  className="nhsuk-input nhsuk-date-input__input nhsuk-input--width-2"
                  id="testInput-month"
                  inputMode="numeric"
                  name="testInput-month"
                  onChange={[Function]}
                  pattern="[0-9]*"
                  type="text"
                />
              </div>
            </div>
          </IndividualDateInput>
        </DateInput.Month>
        <DateInput.Year>
          <IndividualDateInput
            inputMode="numeric"
            inputType="year"
            pattern="[0-9]*"
            type="text"
          >
            <div
              className="nhsuk-date-input__item"
            >
              <div
                className="nhsuk-form-group"
              >
                <Label
                  className="nhsuk-date-input__label"
                  htmlFor="testInput-year"
                  id="testInput-year--label"
                >
                  <BaseLabel
                    className="nhsuk-date-input__label"
                    htmlFor="testInput-year"
                    id="testInput-year--label"
                  >
                    <label
                      className="nhsuk-label nhsuk-date-input__label"
                      htmlFor="testInput-year"
                      id="testInput-year--label"
                    >
                      Year
                    </label>
                  </BaseLabel>
                </Label>
                <input
                  aria-labelledby="testInput-year--label"
                  className="nhsuk-input nhsuk-date-input__input nhsuk-input--width-4"
                  id="testInput-year"
                  inputMode="numeric"
                  name="testInput-year"
                  onChange={[Function]}
                  pattern="[0-9]*"
                  type="text"
                />
              </div>
            </div>
          </IndividualDateInput>
        </DateInput.Year>
      </div>
    </div>
  </FormGroup>
</DateInput>
`;
