// Jest Snapshot v1, https://goo.gl/fbAQLP

exports[`Radios matches snapshot 1`] = `
<Radios
  id="example"
  name="example"
  role="radiogroup"
>
  <FormGroup
    error={false}
  >
    <div
      className="nhsuk-form-group"
    >
      <LabelBlock
        elementId="example"
        id="example"
        name="example"
        role="radiogroup"
      />
      <div
        className="nhsuk-radios"
        id="example"
        role="radiogroup"
      >
        <Radios.Radio
          id="example-1"
          type="radio"
          value="yes"
        >
          <div
            className="nhsuk-radios__item"
          >
            <input
              aria-labelledby="example-1--label"
              checked={false}
              className="nhsuk-radios__input"
              id="example-1"
              name="example"
              onChange={[Function]}
              type="radio"
              value="yes"
            />
            <LabelBlock
              elementId="example-1"
              hintProps={
                Object {
                  "className": "nhsuk-radios__hint",
                }
              }
              label="Yes"
              labelProps={
                Object {
                  "className": "nhsuk-radios__label",
                }
              }
            >
              <Label
                className="nhsuk-radios__label"
              >
                <BaseLabel
                  className="nhsuk-radios__label"
                >
                  <label
                    className="nhsuk-label nhsuk-radios__label"
                  >
                    Yes
                  </label>
                </BaseLabel>
              </Label>
            </LabelBlock>
          </div>
        </Radios.Radio>
        <Radios.Radio
          id="example-2"
          type="radio"
          value="no"
        >
          <div
            className="nhsuk-radios__item"
          >
            <input
              aria-labelledby="example-2--label"
              checked={false}
              className="nhsuk-radios__input"
              id="example-2"
              name="example"
              onChange={[Function]}
              type="radio"
              value="no"
            />
            <LabelBlock
              elementId="example-2"
              hintProps={
                Object {
                  "className": "nhsuk-radios__hint",
                }
              }
              label="No"
              labelProps={
                Object {
                  "className": "nhsuk-radios__label",
                }
              }
            >
              <Label
                className="nhsuk-radios__label"
              >
                <BaseLabel
                  className="nhsuk-radios__label"
                >
                  <label
                    className="nhsuk-label nhsuk-radios__label"
                  >
                    No
                  </label>
                </BaseLabel>
              </Label>
            </LabelBlock>
          </div>
        </Radios.Radio>
      </div>
    </div>
  </FormGroup>
</Radios>
`;
